------------------------------------------------------------
Timing Analyzer Summary
------------------------------------------------------------

Type  : Slow 1200mV 85C Model Setup 'CLOCK_50'
Slack : 6.452
TNS   : 0.000

Type  : Slow 1200mV 85C Model Setup 'RMII_CLK'
Slack : 8.888
TNS   : 0.000

Type  : Slow 1200mV 85C Model Hold 'CLOCK_50'
Slack : 0.452
TNS   : 0.000

Type  : Slow 1200mV 85C Model Hold 'RMII_CLK'
Slack : 0.485
TNS   : 0.000

Type  : Slow 1200mV 85C Model Recovery 'CLOCK_50'
Slack : 14.006
TNS   : 0.000

Type  : Slow 1200mV 85C Model Recovery 'RMII_CLK'
Slack : 15.554
TNS   : 0.000

Type  : Slow 1200mV 85C Model Removal 'RMII_CLK'
Slack : 1.461
TNS   : 0.000

Type  : Slow 1200mV 85C Model Removal 'CLOCK_50'
Slack : 2.697
TNS   : 0.000

Type  : Slow 1200mV 85C Model Minimum Pulse Width 'CLOCK_50'
Slack : 9.598
TNS   : 0.000

Type  : Slow 1200mV 85C Model Minimum Pulse Width 'RMII_CLK'
Slack : 9.647
TNS   : 0.000

Type  : Slow 1200mV 0C Model Setup 'CLOCK_50'
Slack : 7.324
TNS   : 0.000

Type  : Slow 1200mV 0C Model Setup 'RMII_CLK'
Slack : 9.614
TNS   : 0.000

Type  : Slow 1200mV 0C Model Hold 'CLOCK_50'
Slack : 0.400
TNS   : 0.000

Type  : Slow 1200mV 0C Model Hold 'RMII_CLK'
Slack : 0.430
TNS   : 0.000

Type  : Slow 1200mV 0C Model Recovery 'CLOCK_50'
Slack : 14.414
TNS   : 0.000

Type  : Slow 1200mV 0C Model Recovery 'RMII_CLK'
Slack : 15.856
TNS   : 0.000

Type  : Slow 1200mV 0C Model Removal 'RMII_CLK'
Slack : 1.323
TNS   : 0.000

Type  : Slow 1200mV 0C Model Removal 'CLOCK_50'
Slack : 2.412
TNS   : 0.000

Type  : Slow 1200mV 0C Model Minimum Pulse Width 'RMII_CLK'
Slack : 9.509
TNS   : 0.000

Type  : Slow 1200mV 0C Model Minimum Pulse Width 'CLOCK_50'
Slack : 9.597
TNS   : 0.000

Type  : Fast 1200mV 0C Model Setup 'CLOCK_50'
Slack : 14.115
TNS   : 0.000

Type  : Fast 1200mV 0C Model Setup 'RMII_CLK'
Slack : 15.087
TNS   : 0.000

Type  : Fast 1200mV 0C Model Hold 'CLOCK_50'
Slack : 0.186
TNS   : 0.000

Type  : Fast 1200mV 0C Model Hold 'RMII_CLK'
Slack : 0.201
TNS   : 0.000

Type  : Fast 1200mV 0C Model Recovery 'CLOCK_50'
Slack : 17.310
TNS   : 0.000

Type  : Fast 1200mV 0C Model Recovery 'RMII_CLK'
Slack : 17.954
TNS   : 0.000

Type  : Fast 1200mV 0C Model Removal 'RMII_CLK'
Slack : 0.627
TNS   : 0.000

Type  : Fast 1200mV 0C Model Removal 'CLOCK_50'
Slack : 1.163
TNS   : 0.000

Type  : Fast 1200mV 0C Model Minimum Pulse Width 'RMII_CLK'
Slack : 9.102
TNS   : 0.000

Type  : Fast 1200mV 0C Model Minimum Pulse Width 'CLOCK_50'
Slack : 9.200
TNS   : 0.000

------------------------------------------------------------
